Connection timed out: connect